// Jest Snapshot v1, https://goo.gl/fbAQLP

exports[`FloatingActionButton renders correctly 1`] = `
.c0 {
  background-color: var(--light-blue);
  border-radius: 30px;
  border: 2px solid var(--light-blue);
  bottom: 20px;
  display: grid;
  height: 60px;
  padding: 10px;
  place-items: center;
  position: fixed;
  right: 20px;
  width: 60px;
  z-index: 10;
}

.c0 svg {
  margin: 0;
  width: 100%;
}

.c0 svg .st0 {
  fill: var(--primary-anthrazit);
}

<button
  class="c0"
>
  <svg>
    add.svg
  </svg>
</button>
`;
