// Jest Snapshot v1, https://goo.gl/fbAQLP

exports[`RectangleButton renders correctly 1`] = `
.c0 {
  background: var(--accent-color);
  border-radius: 3px;
  border: none;
  color: var(--primary-anthrazit);
  font-family: 'Kaushan Script',cursive;
  font-size: 1.2em;
  width: 100%;
}

<button
  class="c0"
/>
`;
